
> smartcattle-ai@0.0.0 build
> vite build

[36mvite v7.3.1 [32mbuilding client environment for production...[36m[39m
transforming...
[32mΓ£ô[39m 2040 modules transformed.
node.exe : [31mΓ£ù[39m 
Build failed in 4.17s
At line:1 char:1
+ & "C:\Program 
Files\nodejs/node.exe" 
"C:\Program 
Files\nodejs/node_mo ...
+ ~~~~~~~~~~~~~~~~~~~~~~~~~~
~~~~~~~~~~~~~~~~~~~~~~~~~~~~
~~~~~~~~~~~~~~~
    + CategoryInfo          
    : NotSpecified: ([31m  
  Γ£ù[39m Build failed i   
 n 4.17s:String) [], Rem    
oteException
    + FullyQualifiedErrorId 
    : NativeCommandError
 
[31merror during build:
[31m[vite:css] [postcss] 
C:/Innova8/Easy 
Ranch-cattle 
project/SmartCattle 
AI/src/index.css:848:5: 
Unknown word 
 d i s p l a y [31m
file: [36mC:/Innova8/Easy 
Ranch-cattle 
project/SmartCattle 
AI/src/index.css:848:4[31m
    at Input.error 
(C:\Innova8\Easy 
Ranch-cattle 
project\SmartCattle AI\node_
modules\postcss\lib\input.js
:135:16)
    at Parser.unknownWord 
(C:\Innova8\Easy 
Ranch-cattle 
project\SmartCattle AI\node_
modules\postcss\lib\parser.j
s:595:22)
    at Parser.decl 
(C:\Innova8\Easy 
Ranch-cattle 
project\SmartCattle AI\node_
modules\postcss\lib\parser.j
s:236:16)
    at Parser.other 
(C:\Innova8\Easy 
Ranch-cattle 
project\SmartCattle AI\node_
modules\postcss\lib\parser.j
s:401:18)
    at Parser.parse 
(C:\Innova8\Easy 
Ranch-cattle 
project\SmartCattle AI\node_
modules\postcss\lib\parser.j
s:472:16)
    at parse 
(C:\Innova8\Easy 
Ranch-cattle 
project\SmartCattle AI\node_
modules\postcss\lib\parse.js
:11:12)
    at new LazyResult 
(C:\Innova8\Easy 
Ranch-cattle 
project\SmartCattle AI\node_
modules\postcss\lib\lazy-res
ult.js:165:16)
    at Processor.process 
(C:\Innova8\Easy 
Ranch-cattle 
project\SmartCattle AI\node_
modules\postcss\lib\processo
r.js:53:14)
    at runPostCSS (file:///C
:/Innova8/Easy%20Ranch-cattl
e%20project/SmartCattle%20AI
/node_modules/vite/dist/node
/chunks/config.js:30145:68)
    at async compilePostCSS 
(file:///C:/Innova8/Easy%20R
anch-cattle%20project/SmartC
attle%20AI/node_modules/vite
/dist/node/chunks/config.js:
30129:6)[39m
